---
source: sdl-parser/src/event.rs
expression: schema
---
name: test-scenario
description: some description
nodes: ~
features: ~
infrastructure: ~
conditions:
  condition-1:
    name: ~
    command: executable/path.sh
    interval: 30
    source: ~
    description: ~
    environment: ~
vulnerabilities: ~
capabilities:
  capability-1:
    name: ~
    description: Can defend against Dirty Cow
    condition: condition-1
    vulnerabilities: ~
  capability-2:
    name: ~
    description: Can defend against Dirty Cow
    condition: condition-1
    vulnerabilities: ~
metrics: ~
evaluations: ~
tlos: ~
entities: ~
goals: ~
injects:
  my-cool-inject:
    name: ~
    source:
      name: inject-package
      version: "*"
    from-entity: ~
    to-entities: ~
    tlos: ~
    capabilities:
      executive: capability-1
      secondary: ~
    description: ~
    environment: ~
events:
  my-cool-event:
    name: ~
    conditions:
      - condition-1
    injects:
      - my-cool-inject
    description: ~
scripts: ~
stories: ~

