---
source: sdl-parser/src/story.rs
expression: schema
---
name: test-scenario
description: some description
start: "2022-01-20T13:00:00Z"
end: "2022-01-20T23:00:00Z"
nodes: ~
features: ~
infrastructure: ~
conditions:
  condition-1:
    name: ~
    command: executable/path.sh
    interval: 30
    source: ~
    description: ~
    environment: ~
vulnerabilities: ~
capabilities:
  capability-1:
    name: ~
    description: Can defend against Dirty Cow
    condition: condition-1
    vulnerabilities: ~
metrics: ~
evaluations: ~
tlos: ~
entities: ~
goals: ~
injects:
  my-cool-inject:
    name: ~
    source:
      name: inject-package
      version: "*"
    from-entity: ~
    to-entities: ~
    tlos: ~
    capabilities:
      executive: capability-1
      secondary: ~
    description: ~
    environment: ~
events:
  my-cool-event:
    name: ~
    conditions:
      - condition-1
    injects:
      - my-cool-inject
    description: ~
scripts:
  my-cool-script:
    name: ~
    start-time: 602
    end-time: 694800
    speed: 1.5
    events:
      - my-cool-event
    description: ~
stories:
  story-1:
    name: ~
    clock: 1
    scripts:
      - my-cool-script
    description: ~

