---
source: sdl-parser/src/lib.rs
expression: nodes
---
scenario:
  name: test-scenario
  description: some-description
  start: "2022-01-20T13:00:00Z"
  end: "2022-01-20T23:00:00Z"
  nodes:
    deb10:
      type: VM
      description: deb-10-description
      resources:
        ram: 2147483648
        cpu: 1
      source:
        name: debian10
        version: "*"
    win10:
      type: VM
      description: win-10-description
      resources:
        ram: 4294967296
        cpu: 2
      source:
        name: windows10
        version: "*"
  infrastructure:
    deb10:
      count: 3
      links: ~
      dependencies: ~
    win10:
      count: 10
      links: ~
      dependencies:
        - deb10

