---
source: sdl-parser/src/entity.rs
expression: entities
---
blue-team:
  name: ~
  description: ~
  role: Blue
  mission: ~
  categories: ~
  vulnerabilities: ~
  tlos: ~
  facts: ~
  events:
    - my-cool-event
  entities:
    blue-player:
      name: ~
      description: ~
      role: Blue
      mission: ~
      categories: ~
      vulnerabilities: ~
      tlos: ~
      facts: ~
      events:
        - my-other-cool-event
      entities: ~

