---
source: sdl-parser/src/entity.rs
expression: entities
---
my-organization:
  name: My Organization
  description: This is my organization
  role: White
  mission: defend
  categories:
    - Foundation
    - Organization
  vulnerabilities:
    - vulnerability-2
  goals:
    - goal-1
  entities: ~

