---
source: sdl-parser/src/node.rs
expression: scenario
---
name: test-scenario
description: some-description
start: "2022-01-20T13:00:00Z"
end: "2022-01-20T23:00:00Z"
nodes:
  win-10:
    type: VM
    description: ~
    resources: ~
    source:
      name: windows10
      version: "*"
    features: ~
    conditions: ~
    vulnerabilities: ~
    roles:
      admin: username2
features: ~
infrastructure: ~
conditions: ~
vulnerabilities: ~
capabilities: ~
metrics: ~
evaluations: ~
tlos: ~
entities: ~
goals: ~
injects: ~
events: ~

