---
source: sdl-parser/src/node.rs
expression: node
---
Node {
    type_field: VM(
        VM {
            source: None,
            _source_helper: None,
            resources: Resources {
                ram: 2000000000,
                cpu: 2,
            },
            features: {},
            conditions: {
                "condition-1": "admin",
            },
            vulnerabilities: [],
            _roles_helper: Some(
                MixedRoles(
                    {
                        "admin": Username(
                            "username",
                        ),
                    },
                ),
            ),
            roles: None,
        },
    ),
    description: None,
}
