---
source: sdl-parser/src/node.rs
expression: nodes
---
{
    "win-10": Node {
        type_field: VM,
        description: None,
        resources: Some(
            Resources {
                ram: 2147483648,
                cpu: 2,
            },
        ),
        source_helper: Some(
            ShortSource(
                "windows10",
            ),
        ),
        source: Some(
            Source {
                name: "windows10",
                version: "*",
            },
        ),
        features: None,
        conditions: Some(
            [
                "condition-1",
                "condition-2",
            ],
        ),
        vulnerabilities: None,
        roles: None,
    },
}
