---
source: sdl-parser/src/node.rs
expression: scenario
---
name: test-scenario
description: some-description
nodes:
  win-10:
    conditions: {}
    description: ~
    features: {}
    resources:
      ram: 2147483648
      cpu: 2
    roles:
      user:
        username: user
        entities: ~
    source:
      name: windows10
      version: "*"
    type: VM
    vulnerabilities: []
features: ~
infrastructure: ~
conditions: ~
vulnerabilities: ~
capabilities: ~
metrics: ~
evaluations: ~
tlos: ~
entities: ~
goals: ~
injects: ~
events: ~
scripts: ~
stories: ~

