---
source: sdl-parser/src/lib.rs
expression: conditions
---
name: test-scenario
description: some-description
start: "2022-01-20T13:00:00Z"
end: "2022-01-20T23:00:00Z"
nodes:
  deb10:
    type: VM
    description: deb-10-description
    resources:
      ram: 2147483648
      cpu: 1
    source:
      name: debian10
      version: "*"
    features: ~
    conditions:
      condition-2: moderator
      condition-3: admin
    vulnerabilities: ~
    roles:
      admin:
        username: username
        entities: ~
      moderator:
        username: name
        entities: ~
  win10:
    type: VM
    description: win-10-description
    resources:
      ram: 4294967296
      cpu: 2
    source:
      name: windows10
      version: "*"
    features: ~
    conditions:
      condition-1: admin
    vulnerabilities: ~
    roles:
      admin:
        username: username
        entities: ~
features: ~
infrastructure:
  deb10:
    name: ~
    count: 1
    links: ~
    dependencies: ~
    description: ~
  win10:
    name: ~
    count: 1
    links: ~
    dependencies:
      - deb10
    description: ~
conditions:
  condition-1:
    name: ~
    command: executable/path.sh
    interval: 30
    source: ~
    description: ~
    environment: ~
  condition-2:
    name: ~
    command: ~
    interval: ~
    source:
      name: digital-library-package
      version: "*"
    description: ~
    environment: ~
  condition-3:
    name: ~
    command: executable/path.sh
    interval: 30
    source: ~
    description: ~
    environment: ~
vulnerabilities: ~
capabilities: ~
metrics: ~
evaluations: ~
tlos: ~
entities: ~
goals: ~
injects: ~
events: ~
scripts: ~
stories: ~

