---
source: sdl-parser/src/lib.rs
expression: nodes
---
scenario:
  name: test-scenario
  description: some-description
  start: "2022-01-20T13:00:00Z"
  end: "2022-01-20T23:00:00Z"
  nodes: ~
  infrastructure: ~
  conditions:
    condition-1:
      vm-name: windows-10
      command: executable/path.sh
      interval: 30
      library: ~
    condition-2:
      vm-name: green-evelation-machine
      command: ~
      interval: ~
      library: digital-library-package
    condition-3:
      vm-name: green-evelation-machine
      command: executable/path.sh
      interval: 30
      library: ~

