---
source: sdl-parser/src/lib.rs
expression: nodes
---
scenario:
  name: test-scenario
  description: some-description
  start: "2022-01-20T13:00:00Z"
  end: "2022-01-20T23:00:00Z"
  nodes: ~
  features:
    my-cool-artifact:
      source:
        name: dl_library
        version: 1.2.3
      dependencies:
        - my-cool-service
    my-cool-config:
      source:
        name: some-configuration
        version: "*"
      dependencies:
        - my-cool-service
    my-cool-service:
      source:
        name: some-service
        version: "*"
      dependencies: ~
  infrastructure: ~
  conditions: ~

