---
source: sdl-parser/src/node.rs
expression: nodes
---
{
    "win-10": Node {
        type_field: VM,
        description: None,
        resources: Some(
            Resources {
                ram: 2147483648,
                cpu: 2,
            },
        ),
        source_array: None,
        source: Some(
            Source {
                name: "windows10",
                version: "*",
            },
        ),
    },
}
