---
source: sdl-parser/src/node.rs
expression: nodes
---
deb-10:
  type: VM
  description: ~
  resources:
    ram: 2147483648
    cpu: 2
  source:
    name: debian10
    version: 1.2.3
  features: ~
  conditions: ~
  vulnerabilities: ~
  roles: ~
win-10:
  type: VM
  description: ~
  resources:
    ram: 2147483648
    cpu: 2
  source:
    name: windows10
    version: "*"
  features: ~
  conditions: ~
  vulnerabilities: ~
  roles: ~

