---
source: sdl-parser/src/lib.rs
expression: parsed_schema
---
Schema {
    scenario: Scenario {
        name: "test-scenario",
        description: Some(
            "some-description",
        ),
        start: 2022-01-20T13:00:00Z,
        end: 2022-01-20T23:00:00Z,
        infrastructure: Some(
            {
                "Win10": Node {
                    type_field: VM,
                    dependencies: Some(
                        [
                            "First-dependency",
                            "second-dependency",
                            "third-dependency",
                        ],
                    ),
                    description: Some(
                        "win-10-description",
                    ),
                    address: None,
                    policy: Some(
                        Policy {
                            type_field: "network",
                            rule: Rule {
                                direction: Ingress,
                                description: "some-description",
                                allowed_address: Some(
                                    [
                                        "some-ipv4",
                                        "some-address",
                                        "something-or-other",
                                    ],
                                ),
                                port: 8080,
                            },
                        },
                    ),
                    flavor: Some(
                        Flavor {
                            ram: 4000000000,
                            cpu: 2,
                        },
                    ),
                    source: Some(
                        Source {
                            template: Some(
                                "windows10",
                            ),
                            package: Some(
                                Package {
                                    name: "windows10",
                                    version: "*",
                                },
                            ),
                        },
                    ),
                },
            },
        ),
    },
}
