---
source: sdl-parser/src/node.rs
expression: node
---
Node {
    type_field: VM,
    description: None,
    resources: None,
    _source_helper: None,
    source: None,
    features: None,
    conditions: Some(
        {
            "condition-1": "admin",
        },
    ),
    vulnerabilities: None,
    _roles_helper: Some(
        MixedRoles(
            {
                "admin": Username(
                    "username",
                ),
            },
        ),
    ),
    roles: None,
}
